// Jest Snapshot v1, https://goo.gl/fbAQLP

exports[`Component Snackbars - test Snackbars - snapshot 1`] = `<View />`;
